###############################################
#.............................................#
#.............................................#
#.............................................#
#.............................................#
#.............................................#
#.............................................#
#.............................................#
#.............................................#
#.............................................#
#.............................................#
#.............................................#
#.............................................#
#.............................................#
#.............................................#
#.............................................#
#.............................................#
#.............................................#
#..................../\.......................#
#.................../  \......................#
#................../    \.....................#
#................./ _    \....................#
#................/_/ \____\...................#
#......2......../| |+|    |\..................#
#................| \ /_   |...................#
#................====01====...................#
#.............................................#
###############################################
1 1 2
Дом